[modelo] carregando runs/detect/runs/rugard_v6/weights/best.pt ...
[modelo] pronto
[ok] 'InfowP' -> 'InfowP (1082/200rr) - MEGAMU Sv31' (hwnd=3278786)
[ok] 'SentelhaEl' -> 'SentelhaEl (787/149rr) - MEGAMU Sv31' (hwnd=32835422)
C:\QA\apps\mirror\detect_rugard_multi.py:164: DeprecationWarning: mss.mss is deprecated and will be removed in a future release; use mss.MSS instead
  sct = mss.mss()
============================================================
F8 e GLOBAL: aperte 1 vez so (em qualquer janela) pra ligar,
e de novo (1 vez) pra desligar. Ctrl+C encerra de vez.
============================================================
>>> VARREDURA LIGADA <<<
[debug] InfowP: melhor score atual: -
[debug] SentelhaEl: melhor score atual: -
[debug] InfowP: melhor score atual: -
[debug] SentelhaEl: melhor score atual: -
[debug] InfowP: melhor score atual: -
[debug] SentelhaEl: melhor score atual: -
[debug] InfowP: melhor score atual: -
[debug] SentelhaEl: melhor score atual: -
[debug] InfowP: melhor score atual: -
[debug] SentelhaEl: melhor score atual: -
[debug] InfowP: melhor score atual: -
[debug] SentelhaEl: melhor score atual: 0.12
[debug] InfowP: melhor score atual: -
[debug] SentelhaEl: melhor score atual: -
[debug] InfowP: melhor score atual: -
[debug] SentelhaEl: melhor score atual: 0.13
[debug] InfowP: melhor score atual: -
[debug] SentelhaEl: melhor score atual: -
[debug] InfowP: melhor score atual: -
[debug] SentelhaEl: melhor score atual: -
[debug] InfowP: melhor score atual: -
[debug] SentelhaEl: melhor score atual: -
[debug] InfowP: melhor score atual: -
[debug] SentelhaEl: melhor score atual: -
[debug] InfowP: melhor score atual: 0.15
[debug] SentelhaEl: melhor score atual: -
[debug] InfowP: melhor score atual: -
[debug] SentelhaEl: melhor score atual: -
[debug] InfowP: melhor score atual: 0.13
[debug] SentelhaEl: melhor score atual: -
[debug] InfowP: melhor score atual: -
[debug] SentelhaEl: melhor score atual: -
[debug] InfowP: melhor score atual: -
[debug] SentelhaEl: melhor score atual: -
[debug] InfowP: melhor score atual: -
[debug] SentelhaEl: melhor score atual: -
[debug] InfowP: melhor score atual: -
[debug] SentelhaEl: melhor score atual: -
[debug] InfowP: melhor score atual: -
[debug] SentelhaEl: melhor score atual: -
[debug] InfowP: melhor score atual: -
[debug] SentelhaEl: melhor score atual: -
[debug] InfowP: melhor score atual: -
[debug] SentelhaEl: melhor score atual: -
[debug] InfowP: melhor score atual: -
[debug] SentelhaEl: melhor score atual: -
[debug] InfowP: melhor score atual: 0.11
[debug] SentelhaEl: melhor score atual: -
[debug] SentelhaEl: melhor score atual: -
[debug] InfowP: melhor score atual: -
[debug] SentelhaEl: melhor score atual: -
[debug] InfowP: melhor score atual: -
[debug] SentelhaEl: melhor score atual: -
[debug] InfowP: melhor score atual: -
[debug] SentelhaEl: melhor score atual: -
[debug] InfowP: melhor score atual: -
[debug] SentelhaEl: melhor score atual: -
[debug] InfowP: melhor score atual: -
[debug] SentelhaEl: melhor score atual: -
[debug] InfowP: melhor score atual: 0.55
[debug] SentelhaEl: melhor score atual: -
[debug] InfowP: melhor score atual: 0.55
[debug] SentelhaEl: melhor score atual: -
[debug] InfowP: melhor score atual: 0.55
[debug] SentelhaEl: melhor score atual: -
[debug] InfowP: melhor score atual: 0.55
[debug] SentelhaEl: melhor score atual: -
[debug] InfowP: melhor score atual: 0.55
[debug] SentelhaEl: melhor score atual: -
[debug] InfowP: melhor score atual: -
[debug] SentelhaEl: melhor score atual: -
[debug] InfowP: melhor score atual: -
[debug] SentelhaEl: melhor score atual: -
[debug] InfowP: melhor score atual: -
[debug] SentelhaEl: melhor score atual: -
[debug] InfowP: melhor score atual: -
[debug] SentelhaEl: melhor score atual: -
[debug] InfowP: melhor score atual: -
[debug] SentelhaEl: melhor score atual: -
[debug] InfowP: melhor score atual: -
[debug] SentelhaEl: melhor score atual: -
[debug] InfowP: melhor score atual: -
[debug] SentelhaEl: melhor score atual: -
[debug] InfowP: melhor score atual: -
[debug] SentelhaEl: melhor score atual: -
[debug] InfowP: melhor score atual: -
[debug] SentelhaEl: melhor score atual: -
[debug] InfowP: melhor score atual: -
[debug] SentelhaEl: melhor score atual: -
[debug] InfowP: melhor score atual: -
[debug] SentelhaEl: melhor score atual: -
[debug] InfowP: melhor score atual: -
[debug] SentelhaEl: melhor score atual: -
[debug] InfowP: melhor score atual: -
[debug] SentelhaEl: melhor score atual: -
[debug] InfowP: melhor score atual: -
[debug] SentelhaEl: melhor score atual: -
[debug] InfowP: melhor score atual: -
[debug] SentelhaEl: melhor score atual: -
[debug] InfowP: melhor score atual: -
[debug] SentelhaEl: melhor score atual: -
[debug] InfowP: melhor score atual: -
[debug] SentelhaEl: melhor score atual: -
[debug] InfowP: melhor score atual: -
[debug] SentelhaEl: melhor score atual: -
[debug] InfowP: melhor score atual: -
[debug] SentelhaEl: melhor score atual: -
[debug] InfowP: melhor score atual: -
[debug] SentelhaEl: melhor score atual: -
[debug] InfowP: melhor score atual: -
[debug] SentelhaEl: melhor score atual: -
[debug] InfowP: melhor score atual: -
[debug] SentelhaEl: melhor score atual: -
[debug] InfowP: melhor score atual: -
[debug] SentelhaEl: melhor score atual: -
[debug] InfowP: melhor score atual: -
[debug] SentelhaEl: melhor score atual: -
[debug] InfowP: melhor score atual: -
[debug] SentelhaEl: melhor score atual: -
[debug] InfowP: melhor score atual: -
[debug] SentelhaEl: melhor score atual: -
[debug] InfowP: melhor score atual: -
[debug] SentelhaEl: melhor score atual: -
[debug] InfowP: melhor score atual: -
[debug] SentelhaEl: melhor score atual: -
[debug] InfowP: melhor score atual: -
[debug] SentelhaEl: melhor score atual: -
[debug] InfowP: melhor score atual: 0.21
[debug] SentelhaEl: melhor score atual: -
[debug] InfowP: melhor score atual: -
[debug] SentelhaEl: melhor score atual: -
[debug] InfowP: melhor score atual: -
[debug] SentelhaEl: melhor score atual: -
[debug] InfowP: melhor score atual: -
[debug] SentelhaEl: melhor score atual: -
[debug] InfowP: melhor score atual: -
[debug] SentelhaEl: melhor score atual: -
[debug] InfowP: melhor score atual: -
[debug] SentelhaEl: melhor score atual: -
[debug] InfowP: melhor score atual: -
[debug] SentelhaEl: melhor score atual: -
[debug] InfowP: melhor score atual: -
[debug] SentelhaEl: melhor score atual: -
[debug] InfowP: melhor score atual: -
[debug] InfowP: melhor score atual: 0.11
[debug] SentelhaEl: melhor score atual: -
[debug] InfowP: melhor score atual: -
[debug] SentelhaEl: melhor score atual: -
[debug] InfowP: melhor score atual: -
[debug] SentelhaEl: melhor score atual: -
[debug] InfowP: melhor score atual: -
[debug] SentelhaEl: melhor score atual: -
[debug] InfowP: melhor score atual: 0.17
[debug] SentelhaEl: melhor score atual: -
[debug] InfowP: melhor score atual: -
[debug] SentelhaEl: melhor score atual: -
[debug] InfowP: melhor score atual: -
[debug] SentelhaEl: melhor score atual: -
[debug] InfowP: melhor score atual: -
[debug] SentelhaEl: melhor score atual: -
[debug] InfowP: melhor score atual: -
[debug] SentelhaEl: melhor score atual: -
[debug] InfowP: melhor score atual: -
[debug] SentelhaEl: melhor score atual: -
[debug] InfowP: melhor score atual: -
[debug] SentelhaEl: melhor score atual: -
[debug] InfowP: melhor score atual: -
[debug] SentelhaEl: melhor score atual: -
[debug] InfowP: melhor score atual: -
[debug] SentelhaEl: melhor score atual: -
[debug] InfowP: melhor score atual: -
[debug] SentelhaEl: melhor score atual: -
[debug] InfowP: melhor score atual: -
[debug] SentelhaEl: melhor score atual: -
[debug] InfowP: melhor score atual: -
[debug] SentelhaEl: melhor score atual: -
[debug] InfowP: melhor score atual: -
[debug] SentelhaEl: melhor score atual: -
[debug] InfowP: melhor score atual: -
[debug] SentelhaEl: melhor score atual: -
[debug] InfowP: melhor score atual: -
[debug] SentelhaEl: melhor score atual: -
[debug] InfowP: melhor score atual: -
[debug] SentelhaEl: melhor score atual: -
[debug] InfowP: melhor score atual: -
[debug] SentelhaEl: melhor score atual: -
[debug] InfowP: melhor score atual: -
[debug] SentelhaEl: melhor score atual: -
[debug] InfowP: melhor score atual: -
[debug] SentelhaEl: melhor score atual: -
[debug] InfowP: melhor score atual: -
[debug] SentelhaEl: melhor score atual: -
[debug] InfowP: melhor score atual: -
[debug] SentelhaEl: melhor score atual: -
[debug] InfowP: melhor score atual: -
[debug] SentelhaEl: melhor score atual: -
[debug] InfowP: melhor score atual: -
[debug] SentelhaEl: melhor score atual: -
[debug] InfowP: melhor score atual: -
[debug] SentelhaEl: melhor score atual: -
[debug] InfowP: melhor score atual: -
[debug] SentelhaEl: melhor score atual: -
[debug] InfowP: melhor score atual: -
[debug] SentelhaEl: melhor score atual: -
[debug] InfowP: melhor score atual: -
[debug] SentelhaEl: melhor score atual: -
>>> VARREDURA DESLIGADA <<<
